0 verbose cli D:\idexIU\javaweb\nodejs\node.exe D:\idexIU\javaweb\nodejs\node_modules\npm\bin\npm-cli.js
1 info using npm@11.6.2
2 info using node@v24.12.0
3 silly config load:file:D:\idexIU\javaweb\nodejs\node_modules\npm\npmrc
4 silly config load:file:D:\Project\learnLittle\front\.npmrc
5 silly config load:file:C:\Users\韩顺\.npmrc
6 silly config load:file:D:\idexIU\javaweb\nodejs\noderepo\etc\npmrc
7 verbose title npm install
8 verbose argv "install" "--cache" ".npm-cache"
9 verbose logfile logs-max:10 dir:D:\Project\learnLittle\front\.npm-cache\_logs\2026-10-01T03_54_01_158Z-
10 verbose logfile D:\Project\learnLittle\front\.npm-cache\_logs\2026-10-01T03_54_01_158Z-debug-0.log
11 silly logfile done cleaning log files
12 silly packumentCache heap:4496293888 maxSize:1124073472 maxEntrySize:562036736
13 silly idealTree buildDeps
14 verbose shrinkwrap failed to load node_modules/.package-lock.json out of date, updated: node_modules
15 silly reify moves {}
16 http fetch GET 200 https://registry.npmmirror.com/npm 863ms
17 silly audit bulk request {
17 silly audit   '@alloc/quick-lru': [ '5.3.0' ],
17 silly audit   '@jridgewell/gen-mapping': [ '0.3.13' ],
17 silly audit   '@jridgewell/resolve-uri': [ '3.1.2' ],
17 silly audit   '@jridgewell/sourcemap-codec': [ '1.6.0' ],
17 silly audit   '@jridgewell/trace-mapping': [ '0.3.31' ],
17 silly audit   '@nodelib/fs.scandir': [ '2.1.5' ],
17 silly audit   '@nodelib/fs.stat': [ '2.0.5' ],
17 silly audit   '@nodelib/fs.walk': [ '1.2.8' ],
17 silly audit   '@oxc-project/types': [ '0.148.0' ],
17 silly audit   '@rolldown/binding-android-arm-eabi': [ '1.2.7' ],
17 silly audit   '@rolldown/binding-android-arm64': [ '1.2.7' ],
17 silly audit   '@rolldown/binding-darwin-arm64': [ '1.2.7' ],
17 silly audit   '@rolldown/binding-darwin-x64': [ '1.2.7' ],
17 silly audit   '@rolldown/binding-freebsd-x64': [ '1.2.7' ],
17 silly audit   '@rolldown/binding-linux-arm-gnueabihf': [ '1.2.7' ],
17 silly audit   '@rolldown/binding-linux-arm64-gnu': [ '1.2.7' ],
17 silly audit   '@rolldown/binding-linux-arm64-musl': [ '1.2.7' ],
17 silly audit   '@rolldown/binding-linux-ppc64-gnu': [ '1.2.7' ],
17 silly audit   '@rolldown/binding-linux-s390x-gnu': [ '1.2.7' ],
17 silly audit   '@rolldown/binding-linux-x64-gnu': [ '1.2.7' ],
17 silly audit   '@rolldown/binding-linux-x64-musl': [ '1.2.7' ],
17 silly audit   '@rolldown/binding-openharmony-arm64': [ '1.2.7' ],
17 silly audit   '@rolldown/binding-win32-arm64-msvc': [ '1.2.7' ],
17 silly audit   '@rolldown/binding-win32-x64-msvc': [ '1.2.7' ],
17 silly audit   '@rolldown/pluginutils': [ '1.0.1' ],
17 silly audit   '@types/debug': [ '4.1.13' ],
17 silly audit   '@types/estree': [ '1.0.9' ],
17 silly audit   '@types/estree-jsx': [ '1.0.5' ],
17 silly audit   '@types/hast': [ '3.0.5' ],
17 silly audit   '@types/mdast': [ '4.0.4' ],
17 silly audit   '@types/ms': [ '2.1.0' ],
17 silly audit   '@types/react': [ '19.2.18' ],
17 silly audit   '@types/react-dom': [ '19.2.7' ],
17 silly audit   '@types/unist': [ '3.0.3', '2.0.11' ],
17 silly audit   '@ungap/structured-clone': [ '1.4.0' ],
17 silly audit   '@vitejs/plugin-react': [ '6.1.1' ],
17 silly audit   'agent-base': [ '6.0.2' ],
17 silly audit   'any-promise': [ '1.3.0' ],
17 silly audit   anymatch: [ '3.1.3' ],
17 silly audit   arg: [ '5.0.2' ],
17 silly audit   asynckit: [ '0.4.0' ],
17 silly audit   autoprefixer: [ '10.5.5' ],
17 silly audit   axios: [ '1.20.0' ],
17 silly audit   bail: [ '2.0.2' ],
17 silly audit   'baseline-browser-mapping': [ '2.11.21' ],
17 silly audit   'binary-extensions': [ '2.3.0' ],
17 silly audit   braces: [ '3.0.3' ],
17 silly audit   browserslist: [ '4.28.9' ],
17 silly audit   'call-bind-apply-helpers': [ '1.0.2' ],
17 silly audit   'camelcase-css': [ '2.0.1' ],
17 silly audit   'caniuse-lite': [ '1.0.30001810' ],
17 silly audit   ccount: [ '2.0.1' ],
17 silly audit   'character-entities': [ '2.0.2' ],
17 silly audit   'character-entities-html4': [ '2.1.0' ],
17 silly audit   'character-entities-legacy': [ '3.0.0' ],
17 silly audit   'character-reference-invalid': [ '2.0.1' ],
17 silly audit   chokidar: [ '3.6.0' ],
17 silly audit   'glob-parent': [ '5.1.2', '6.0.2' ],
17 silly audit   'combined-stream': [ '1.0.8' ],
17 silly audit   'comma-separated-tokens': [ '2.0.3' ],
17 silly audit   commander: [ '4.1.1' ],
17 silly audit   cookie: [ '1.1.1' ],
17 silly audit   cssesc: [ '3.0.0' ],
17 silly audit   csstype: [ '3.2.3' ],
17 silly audit   debug: [ '4.4.3' ],
17 silly audit   'decode-named-character-reference': [ '1.3.0' ],
17 silly audit   'delayed-stream': [ '1.0.0' ],
17 silly audit   dequal: [ '2.0.3' ],
17 silly audit   'detect-libc': [ '2.1.2' ],
17 silly audit   devlop: [ '1.1.0' ],
17 silly audit   didyoumean: [ '1.2.2' ],
17 silly audit   dlv: [ '1.1.3' ],
17 silly audit   'dunder-proto': [ '1.0.1' ],
17 silly audit   'electron-to-chromium': [ '1.5.422' ],
17 silly audit   'es-define-property': [ '1.0.1' ],
17 silly audit   'es-errors': [ '1.3.0' ],
17 silly audit   'es-object-atoms': [ '1.1.2' ],
17 silly audit   'es-set-tostringtag': [ '2.1.0' ],
17 silly audit   escalade: [ '3.2.0' ],
17 silly audit   'escape-string-regexp': [ '5.0.0' ],
17 silly audit   'estree-util-is-identifier-name': [ '3.0.0' ],
17 silly audit   extend: [ '3.0.2' ],
17 silly audit   'fast-glob': [ '3.3.3' ],
17 silly audit   fastq: [ '1.20.3' ],
17 silly audit   'fill-range': [ '7.1.1' ],
17 silly audit   'follow-redirects': [ '1.16.0' ],
17 silly audit   'form-data': [ '4.0.6' ],
17 silly audit   'fraction.js': [ '5.3.4' ],
17 silly audit   fsevents: [ '2.3.3' ],
17 silly audit   'function-bind': [ '1.1.2' ],
17 silly audit   'get-intrinsic': [ '1.3.0' ],
17 silly audit   'get-proto': [ '1.0.1' ],
17 silly audit   gopd: [ '1.2.0' ],
17 silly audit   'has-symbols': [ '1.1.0' ],
17 silly audit   'has-tostringtag': [ '1.0.2' ],
17 silly audit   hasown: [ '2.0.4' ],
17 silly audit   'hast-util-is-element': [ '3.0.0' ],
17 silly audit   'hast-util-to-jsx-runtime': [ '2.3.6' ],
17 silly audit   'hast-util-to-text': [ '4.0.2' ],
17 silly audit   'hast-util-whitespace': [ '3.0.0' ],
17 silly audit   'highlight.js': [ '11.11.2' ],
17 silly audit   'html-url-attributes': [ '3.0.1' ],
17 silly audit   'https-proxy-agent': [ '5.0.1' ],
17 silly audit   'inline-style-parser': [ '0.2.7' ],
17 silly audit   'is-alphabetical': [ '2.0.1' ],
17 silly audit   'is-alphanumerical': [ '2.0.1' ],
17 silly audit   'is-binary-path': [ '2.1.0' ],
17 silly audit   'is-core-module': [ '2.16.2' ],
17 silly audit   'is-decimal': [ '2.0.1' ],
17 silly audit   'is-extglob': [ '2.1.1' ],
17 silly audit   'is-glob': [ '4.0.3' ],
17 silly audit   'is-hexadecimal': [ '2.0.1' ],
17 silly audit   'is-number': [ '7.0.0' ],
17 silly audit   'is-plain-obj': [ '4.1.0' ],
17 silly audit   jiti: [ '1.21.7' ],
17 silly audit   lightningcss: [ '1.33.0' ],
17 silly audit   'lightningcss-android-arm64': [ '1.33.0' ],
17 silly audit   'lightningcss-darwin-arm64': [ '1.33.0' ],
17 silly audit   'lightningcss-darwin-x64': [ '1.33.0' ],
17 silly audit   'lightningcss-freebsd-x64': [ '1.33.0' ],
17 silly audit   'lightningcss-linux-arm-gnueabihf': [ '1.33.0' ],
17 silly audit   'lightningcss-linux-arm64-gnu': [ '1.33.0' ],
17 silly audit   'lightningcss-linux-arm64-musl': [ '1.33.0' ],
17 silly audit   'lightningcss-linux-x64-gnu': [ '1.33.0' ],
17 silly audit   'lightningcss-linux-x64-musl': [ '1.33.0' ],
17 silly audit   'lightningcss-win32-arm64-msvc': [ '1.33.0' ],
17 silly audit   'lightningcss-win32-x64-msvc': [ '1.33.0' ],
17 silly audit   lilconfig: [ '3.1.3' ],
17 silly audit   'lines-and-columns': [ '1.2.4' ],
17 silly audit   'longest-streak': [ '3.1.0' ],
17 silly audit   lowlight: [ '3.3.0' ],
17 silly audit   'lucide-react': [ '1.49.0' ],
17 silly audit   'markdown-table': [ '3.0.4' ],
17 silly audit   'math-intrinsics': [ '1.1.0' ],
17 silly audit   'mdast-util-find-and-replace': [ '3.0.2' ],
17 silly audit   'mdast-util-from-markdown': [ '2.0.3' ],
17 silly audit   'mdast-util-gfm': [ '3.1.0' ],
17 silly audit   'mdast-util-gfm-autolink-literal': [ '2.0.1' ],
17 silly audit   'mdast-util-gfm-footnote': [ '2.1.0' ],
17 silly audit   'mdast-util-gfm-strikethrough': [ '2.0.0' ],
17 silly audit   'mdast-util-gfm-table': [ '2.0.0' ],
17 silly audit   'mdast-util-gfm-task-list-item': [ '2.0.0' ],
17 silly audit   'mdast-util-mdx-expression': [ '2.0.1' ],
17 silly audit   'mdast-util-mdx-jsx': [ '3.2.0' ],
17 silly audit   'mdast-util-mdxjs-esm': [ '2.0.1' ],
17 silly audit   'mdast-util-phrasing': [ '4.1.0' ],
17 silly audit   'mdast-util-to-hast': [ '13.2.1' ],
17 silly audit   'mdast-util-to-markdown': [ '2.1.2' ],
17 silly audit   'mdast-util-to-string': [ '4.0.0' ],
17 silly audit   merge2: [ '1.4.1' ],
17 silly audit   micromark: [ '4.0.2' ],
17 silly audit   'micromark-core-commonmark': [ '2.0.3' ],
17 silly audit   'micromark-extension-gfm': [ '3.0.0' ],
17 silly audit   'micromark-extension-gfm-autolink-literal': [ '2.1.0' ],
17 silly audit   'micromark-extension-gfm-footnote': [ '2.1.0' ],
17 silly audit   'micromark-extension-gfm-strikethrough': [ '2.1.0' ],
17 silly audit   'micromark-extension-gfm-table': [ '2.1.2' ],
17 silly audit   'micromark-extension-gfm-tagfilter': [ '2.0.0' ],
17 silly audit   'micromark-extension-gfm-task-list-item': [ '2.1.0' ],
17 silly audit   'micromark-factory-destination': [ '2.0.1' ],
17 silly audit   'micromark-factory-label': [ '2.0.1' ],
17 silly audit   'micromark-factory-space': [ '2.0.1' ],
17 silly audit   'micromark-factory-title': [ '2.0.1' ],
17 silly audit   'micromark-factory-whitespace': [ '2.0.1' ],
17 silly audit   'micromark-util-character': [ '2.1.1' ],
17 silly audit   'micromark-util-chunked': [ '2.0.1' ],
17 silly audit   'micromark-util-classify-character': [ '2.0.1' ],
17 silly audit   'micromark-util-combine-extensions': [ '2.0.1' ],
17 silly audit   'micromark-util-decode-numeric-character-reference': [ '2.0.2' ],
17 silly audit   'micromark-util-decode-string': [ '2.0.1' ],
17 silly audit   'micromark-util-encode': [ '2.0.1' ],
17 silly audit   'micromark-util-html-tag-name': [ '2.0.1' ],
17 silly audit   'micromark-util-normalize-identifier': [ '2.0.1' ],
17 silly audit   'micromark-util-resolve-all': [ '2.0.1' ],
17 silly audit   'micromark-util-sanitize-uri': [ '2.0.1' ],
17 silly audit   'micromark-util-subtokenize': [ '2.1.0' ],
17 silly audit   'micromark-util-symbol': [ '2.0.1' ],
17 silly audit   'micromark-util-types': [ '2.0.2' ],
17 silly audit   micromatch: [ '4.0.8' ],
17 silly audit   'mime-db': [ '1.52.0' ],
17 silly audit   'mime-types': [ '2.1.35' ],
17 silly audit   ms: [ '2.1.3' ],
17 silly audit   mz: [ '2.7.0' ],
17 silly audit   nanoid: [ '3.3.18' ],
17 silly audit   'node-releases': [ '2.0.54' ],
17 silly audit   'normalize-path': [ '3.0.0' ],
17 silly audit   'object-assign': [ '4.1.1' ],
17 silly audit   'object-hash': [ '3.0.0' ],
17 silly audit   'parse-entities': [ '4.0.2' ],
17 silly audit   'path-parse': [ '1.0.7' ],
17 silly audit   picocolors: [ '1.1.1' ],
17 silly audit   picomatch: [ '2.3.2', '4.0.7' ],
17 silly audit   pirates: [ '4.0.7' ],
17 silly audit   postcss: [ '8.5.28' ],
17 silly audit   'postcss-import': [ '15.1.0' ],
17 silly audit   'postcss-js': [ '4.1.0' ],
17 silly audit   'postcss-load-config': [ '6.0.1' ],
17 silly audit   'postcss-nested': [ '6.2.0' ],
17 silly audit   'postcss-selector-parser': [ '6.1.4' ],
17 silly audit   'postcss-value-parser': [ '4.2.0' ],
17 silly audit   'property-information': [ '7.2.0' ],
17 silly audit   'proxy-from-env': [ '2.1.0' ],
17 silly audit   'queue-microtask': [ '1.2.3' ],
17 silly audit   react: [ '19.2.8' ],
17 silly audit   'react-dom': [ '19.2.8' ],
17 silly audit   'react-markdown': [ '10.1.0' ],
17 silly audit   'react-router': [ '7.18.3' ],
17 silly audit   'react-router-dom': [ '7.18.3' ],
17 silly audit   'read-cache': [ '1.0.2' ],
17 silly audit   readdirp: [ '3.6.0' ],
17 silly audit   'rehype-highlight': [ '7.0.2' ],
17 silly audit   'remark-gfm': [ '4.0.1' ],
17 silly audit   'remark-parse': [ '11.0.0' ],
17 silly audit   'remark-rehype': [ '11.1.2' ],
17 silly audit   'remark-stringify': [ '11.0.0' ],
17 silly audit   resolve: [ '1.22.12' ],
17 silly audit   reusify: [ '1.1.0' ],
17 silly audit   rolldown: [ '1.2.7' ],
17 silly audit   'run-parallel': [ '1.2.0' ],
17 silly audit   scheduler: [ '0.27.0' ],
17 silly audit   'set-cookie-parser': [ '2.7.2' ],
17 silly audit   'source-map-js': [ '1.2.1' ],
17 silly audit   'space-separated-tokens': [ '2.0.2' ],
17 silly audit   'stringify-entities': [ '4.0.4' ],
17 silly audit   'style-to-js': [ '1.1.21' ],
17 silly audit   'style-to-object': [ '1.0.14' ],
17 silly audit   sucrase: [ '3.35.1' ],
17 silly audit   'supports-preserve-symlinks-flag': [ '1.0.0' ],
17 silly audit   tailwindcss: [ '3.4.19' ],
17 silly audit   thenify: [ '3.3.1' ],
17 silly audit   'thenify-all': [ '1.6.0' ],
17 silly audit   tinyglobby: [ '0.2.17' ],
17 silly audit   fdir: [ '6.5.0' ],
17 silly audit   'to-regex-range': [ '5.0.1' ],
17 silly audit   'trim-lines': [ '3.0.1' ],
17 silly audit   trough: [ '2.2.0' ],
17 silly audit   'ts-interface-checker': [ '0.1.13' ],
17 silly audit   typescript: [ '6.0.3' ],
17 silly audit   unified: [ '11.0.5' ],
17 silly audit   'unist-util-find-after': [ '5.0.0' ],
17 silly audit   'unist-util-is': [ '6.0.1' ],
17 silly audit   'unist-util-position': [ '5.0.0' ],
17 silly audit   'unist-util-stringify-position': [ '4.0.0' ],
17 silly audit   'unist-util-visit': [ '5.1.0' ],
17 silly audit   'unist-util-visit-parents': [ '6.0.2' ],
17 silly audit   'update-browserslist-db': [ '1.3.2' ],
17 silly audit   'util-deprecate': [ '1.0.2' ],
17 silly audit   vfile: [ '6.0.3' ],
17 silly audit   'vfile-message': [ '4.0.3' ],
17 silly audit   vite: [ '8.2.2' ],
17 silly audit   zustand: [ '5.0.15' ],
17 silly audit   zwitch: [ '2.0.4' ]
17 silly audit }
18 http cache lucide-react@https://registry.npmmirror.com/lucide-react/-/lucide-react-1.49.0.tgz 1ms (cache hit)
19 silly tarball no local data for lucide-react@https://registry.npmmirror.com/lucide-react/-/lucide-react-1.49.0.tgz. Extracting by manifest.
20 http fetch POST 404 https://registry.npmmirror.com/-/npm/v1/security/advisories/bulk 75ms
21 verbose audit error HttpErrorGeneral: 404 Not Found - POST https://registry.npmmirror.com/-/npm/v1/security/advisories/bulk - [NOT_IMPLEMENTED] /-/npm/v1/security/* not implemented yet
21 verbose audit error     at D:\idexIU\javaweb\nodejs\node_modules\npm\node_modules\npm-registry-fetch\lib\check-response.js:103:15
21 verbose audit error     at process.processTicksAndRejections (node:internal/process/task_queues:103:5)
21 verbose audit error     at async #getReport (D:\idexIU\javaweb\nodejs\node_modules\npm\node_modules\@npmcli\arborist\lib\audit-report.js:275:19)
21 verbose audit error     at async AuditReport.run (D:\idexIU\javaweb\nodejs\node_modules\npm\node_modules\@npmcli\arborist\lib\audit-report.js:100:19) {
21 verbose audit error   headers: [Object: null prototype] {
21 verbose audit error     server: [ 'Tengine' ],
21 verbose audit error     date: [ 'Thu, 01 Oct 2026 03:54:04 GMT' ],
21 verbose audit error     'content-type': [ 'application/json' ],
21 verbose audit error     'transfer-encoding': [ 'chunked' ],
21 verbose audit error     connection: [ 'keep-alive' ],
21 verbose audit error     'strict-transport-security': [ 'max-age=5184000' ],
21 verbose audit error     via: [ 'kunlun6.cn8094[,404666]' ],
21 verbose audit error     'timing-allow-origin': [ '*' ],
21 verbose audit error     eagleid: [ '78dc519a17908268443931556e' ],
21 verbose audit error     'x-fetch-attempts': [ '1' ]
21 verbose audit error   },
21 verbose audit error   statusCode: 404,
21 verbose audit error   code: 'E404',
21 verbose audit error   method: 'POST',
21 verbose audit error   uri: 'https://registry.npmmirror.com/-/npm/v1/security/advisories/bulk',
21 verbose audit error   body: {
21 verbose audit error     error: '[NOT_IMPLEMENTED] /-/npm/v1/security/* not implemented yet'
21 verbose audit error   },
21 verbose audit error   pkgid: undefined
21 verbose audit error }
22 silly audit error [object Object]
23 silly audit report null
24 http fetch GET 200 https://cdn.npmmirror.com/packages/lucide-react/1.49.0/lucide-react-1.49.0.tgz 19030ms (cache miss)
25 silly ADD node_modules/lucide-react
26 verbose cwd D:\Project\learnLittle\front
27 verbose os Windows_NT 10.0.26200
28 verbose node v24.12.0
29 verbose npm  v11.6.2
30 notice
30 notice New minor version of npm available! 11.6.2 -> 11.21.0
30 notice Changelog: https://github.com/npm/cli/releases/tag/v11.21.0
30 notice To update run: npm install -g npm@11.21.0
30 notice  { force: true, Symbol(proc-log.meta): true }
31 verbose exit 0
32 info ok
